// Vitest Snapshot v1, https://vitest.dev/guide/snapshot.html

exports[`Snapshot PokemonInfoPage > snapshot of pokemonInfoPage 1`] = `
<DocumentFragment>
  <header
    class="header"
  >
    <div
      class="pokeball-header-icon"
    >
      <img
        alt="pokeball icon"
        src="/project1/src/assets/img/pb-icon.svg"
      />
      <div
        class="header-link-container"
      >
        <a
          class="link"
          href="/project1"
        >
          <h1>
            Pokedex
          </h1>
        </a>
      </div>
      <span
        class="switch-container"
      >
        <button
          class="theme-switch "
        >
          Turn Dark
        </button>
      </span>
    </div>
  </header>
  <div
    class="filler-div"
  />
  <div
    class="info-page-container"
  >
    <div
      class="info-home-btn"
    />
    <div
      class="info-pokemon-card"
    >
      <div
        class="pokemon-name-id"
      >
        <h1>
          Bulbasaur
        </h1>
        <h4
          class="pokemon-text"
        >
          #001
        </h4>
      </div>
      <div
        class="info-pokemon-img"
      >
        <img
          alt="bulbasaur"
          class="info-pokemon-sprite"
          src="https://raw.githubusercontent.com/PokeAPI/sprites/master/sprites/pokemon/other/official-artwork/1.png"
        />
      </div>
      <div
        class="info-pokemon-data"
      >
        <div
          class="info-type-list"
        >
          <span
            class="info-type-badge"
            style="background-color: rgb(122, 199, 76);"
          >
            Grass
          </span>
          <span
            class="info-type-badge"
            style="background-color: rgb(163, 62, 161);"
          >
            Poison
          </span>
        </div>
        <div
          class="pokemon-genus"
        >
          Seed Pokémon
        </div>
      </div>
    </div>
    <div>
      <a
        href="/project1/pokemon/0"
      >
        <button
          class="prev-btn"
          disabled=""
        >
          Prev
        </button>
      </a>
      <a
        href="/project1/pokemon/2"
      >
        <button
          class="next-btn"
        >
          Next
        </button>
      </a>
    </div>
    <div
      class="pokemon-description"
    >
      <h5
        class="pokemon-text info-text"
      >
        Description
      </h5>
      <p>
        Bulbasaur can be seen napping in bright sunlight.
There is a seed on its back. By soaking up the sun’s
rays, the seed grows progressively larger.
      </p>
    </div>
    <div
      class="pokemon-dimensions"
    >
      <div
        class="pokemon-height"
      >
        <h5>
          Height
        </h5>
        <span>
          NaNm
        </span>
      </div>
      <div
        class="pokemon-weight"
      >
        <h5>
          Weight
        </h5>
        <span>
          NaNkg
        </span>
      </div>
    </div>
    <div
      class="pokemon-stats"
    >
      <h5
        class="pokemon-text info-text"
      >
        Stats
      </h5>
      <div
        class="parameter-container"
      >
        <div
          class="parameter-section"
        >
          <h5
            class="info-text"
          >
            hp
          </h5>
          <div
            class="statbar-container"
          >
            <div
              class="statbar-segment"
              style="background-color: rgb(255, 1, 0); width: 17.647058823529413%;"
            >
              <span>
                45
              </span>
            </div>
          </div>
        </div>
        <div
          class="parameter-section"
        >
          <h5
            class="info-text"
          >
            attack
          </h5>
          <div
            class="statbar-container"
          >
            <div
              class="statbar-segment"
              style="background-color: rgb(240, 128, 48); width: 19.215686274509807%;"
            >
              <span>
                49
              </span>
            </div>
          </div>
        </div>
      </div>
    </div>
  </div>
</DocumentFragment>
`;
